// Vitest Snapshot v1, https://vitest.dev/guide/snapshot.html

exports[`renders 1`] = `
<div
  class="_root_f1e5e0"
>
  <div
    class="_name_f1e5e0"
  />
  <div
    class="_buttons_f1e5e0"
  />
</div>
`;
